// Jest Snapshot v1, https://goo.gl/fbAQLP

exports[`cleanDB 1`] = `"DELETE FROM trades WHERE timestamp < UNIX_TIMESTAMP(DATE_SUB(NOW(), INTERVAL 7 DAY))"`;

exports[`connection initalization 1`] = `"sql db connection is not initialized"`;

exports[`insertPrice 1`] = `"INSERT INTO historical_price VALUES ('1234567890','123','456','ETH|USD')"`;

exports[`insertTradeData 1`] = `"REPLACE trades VALUES ('src','id','123','456','1234567890','0','quote|base')"`;

exports[`readLastPrice 1`] = `"SELECT * FROM historical_price order by timestamp WHERE pair = ETH|USD DESC LIMIT 1"`;

exports[`readLastPrice 2`] = `
Object {
  "base": "USD",
  "price": 123,
  "quote": "ETH",
  "source": "",
  "timestamp": 1234567890,
  "volume": 456,
}
`;

exports[`readSourceData 1`] = `"SELECT * FROM trades WHERE timestamp >= 1230967890 AND timestamp <= 1234567890 AND pair = ETH|USD;"`;

exports[`readSourceData 2`] = `
Array [
  Object {
    "amount": 456,
    "base": undefined,
    "id": "id1",
    "price": 123,
    "quote": undefined,
    "source": "src1",
    "timestamp": 1234567890,
  },
  Object {
    "amount": 567,
    "base": undefined,
    "id": "id2",
    "price": 234,
    "quote": undefined,
    "source": "src2",
    "timestamp": 2345678901,
  },
]
`;
