// Jest Snapshot v1, https://goo.gl/fbAQLP

exports[`getDynamoRole do not useDynamo 1`] = `"status"`;

exports[`getDynamoRole do not useDynamo 2`] = `"status"`;

exports[`getDynamoRole do not useDynamo 3`] = `"status"`;

exports[`getDynamoRole do not useDynamo 4`] = `"status"`;

exports[`getDynamoRole do not useDynamo 5`] = `"event"`;

exports[`getDynamoRole do not useDynamo 6`] = `"hourly"`;

exports[`getDynamoRole getStatusProcess do not useDynamo 1`] = `"TRADE_AWS_PRIVATE"`;

exports[`getDynamoRole getStatusProcess do not useDynamo 2`] = `"FEED_AWS_PRIVATE"`;

exports[`getDynamoRole getStatusProcess do not useDynamo 3`] = `"CLEANDB_AWS_PRIVATE"`;

exports[`getDynamoRole getStatusProcess do not useDynamo 4`] = `"CHAIN_AWS_PRIVATE"`;

exports[`getDynamoRole getStatusProcess do not useDynamo 5`] = `"EVENT_AWS_PRIVATE_OTHERS"`;

exports[`getDynamoRole getStatusProcess do not useDynamo 6`] = `"PRICE_AWS_PRIVATE_HOURLY"`;

exports[`getDynamoRole getStatusProcess useDynamo 1`] = `"TRADE_AWS_PUBLIC"`;

exports[`getDynamoRole getStatusProcess useDynamo 2`] = `"FEED_AWS_PUBLIC"`;

exports[`getDynamoRole getStatusProcess useDynamo 3`] = `"CLEANDB_AWS_PUBLIC"`;

exports[`getDynamoRole getStatusProcess useDynamo 4`] = `"CHAIN_AWS_PUBLIC"`;

exports[`getDynamoRole getStatusProcess useDynamo 5`] = `"EVENT_AWS_PUBLIC_OTHERS"`;

exports[`getDynamoRole getStatusProcess useDynamo 6`] = `"PRICE_AWS_PUBLIC_HOURLY"`;

exports[`getDynamoRole period 60 do not useDynamo 1`] = `"hourly"`;

exports[`getDynamoRole period 60 useDynamo 1`] = `"hourly"`;

exports[`getDynamoRole useDynamo 1`] = `"trade"`;

exports[`getDynamoRole useDynamo 2`] = `"status"`;

exports[`getDynamoRole useDynamo 3`] = `"status"`;

exports[`getDynamoRole useDynamo 4`] = `"status"`;

exports[`getDynamoRole useDynamo 5`] = `"event"`;

exports[`getDynamoRole useDynamo 6`] = `"hourly"`;

exports[`parseOptions 1`] = `
Object {
  "accountNum": 1,
  "addr1": "",
  "addr2": "",
  "address": "",
  "alpha": 0.3,
  "amtA": 0,
  "amtB": 0,
  "assets": Array [
    "quote",
    "base",
  ],
  "aws": false,
  "azure": false,
  "base": "USD",
  "contractState": "",
  "dbLive": false,
  "dynamo": false,
  "endBlk": 0,
  "eth": 0,
  "event": "",
  "exSources": Array [
    "",
  ],
  "force": false,
  "forceREST": false,
  "from": "",
  "gasLimit": 200000,
  "gasPrice": 5000000000,
  "gcp": false,
  "index": 0,
  "key": "",
  "live": false,
  "minEther": 0.02,
  "numOfHours": 2,
  "numOfMinutes": 2,
  "pair": "ETH|USD",
  "period": 10,
  "price": 0,
  "privateKey": "",
  "provider": "ws://localhost:8546",
  "pwd": "",
  "quote": "ETH",
  "saveAccount": false,
  "server": false,
  "source": "source",
  "sources": Array [
    "",
  ],
  "to": "",
  "total": 10,
  "value": 0,
}
`;
