// Jest Snapshot v1, https://goo.gl/fbAQLP

exports[`getStatusProcess aws do not useDynamo 1`] = `"TRADE_AZURE_PRIVATE"`;

exports[`getStatusProcess aws do not useDynamo 2`] = `"FEED_AZURE_PRIVATE"`;

exports[`getStatusProcess aws do not useDynamo 3`] = `"CLEANDB_AZURE_PRIVATE"`;

exports[`getStatusProcess aws do not useDynamo 4`] = `""`;

exports[`getStatusProcess aws do not useDynamo 5`] = `"EVENT_AZURE_PRIVATE_OTHERS"`;

exports[`getStatusProcess aws do not useDynamo 6`] = `"EVENT_AZURE_PRIVATE_OTHERS"`;

exports[`getStatusProcess aws do not useDynamo 7`] = `"FETCH_AZURE_PRIVATE"`;

exports[`getStatusProcess aws do not useDynamo 8`] = `"PRICE_AZURE_PRIVATE_MINUTELY"`;

exports[`getStatusProcess aws useDynamo 1`] = `"TRADE_AZURE_PUBLIC"`;

exports[`getStatusProcess aws useDynamo 2`] = `"FEED_AZURE_PUBLIC"`;

exports[`getStatusProcess aws useDynamo 3`] = `"CLEANDB_AZURE_PUBLIC"`;

exports[`getStatusProcess aws useDynamo 4`] = `""`;

exports[`getStatusProcess aws useDynamo 5`] = `"EVENT_AZURE_PUBLIC_OTHERS"`;

exports[`getStatusProcess aws useDynamo 6`] = `"EVENT_AZURE_PUBLIC_OTHERS"`;

exports[`getStatusProcess aws useDynamo 7`] = `"FETCH_AZURE_PUBLIC"`;

exports[`getStatusProcess aws useDynamo 8`] = `"PRICE_AZURE_PUBLIC_MINUTELY"`;

exports[`getStatusProcess azure do not useDynamo 1`] = `"TRADE_AZURE_PRIVATE"`;

exports[`getStatusProcess azure do not useDynamo 2`] = `"FEED_AZURE_PRIVATE"`;

exports[`getStatusProcess azure do not useDynamo 3`] = `"CLEANDB_AZURE_PRIVATE"`;

exports[`getStatusProcess azure do not useDynamo 4`] = `""`;

exports[`getStatusProcess azure do not useDynamo 5`] = `"EVENT_AZURE_PRIVATE_OTHERS"`;

exports[`getStatusProcess azure do not useDynamo 6`] = `"EVENT_AZURE_PRIVATE_OTHERS"`;

exports[`getStatusProcess azure do not useDynamo 7`] = `"FETCH_AZURE_PRIVATE"`;

exports[`getStatusProcess azure do not useDynamo 8`] = `"PRICE_AZURE_PRIVATE_MINUTELY"`;

exports[`getStatusProcess azure useDynamo 1`] = `"TRADE_AZURE_PUBLIC"`;

exports[`getStatusProcess azure useDynamo 2`] = `"FEED_AZURE_PUBLIC"`;

exports[`getStatusProcess azure useDynamo 3`] = `"CLEANDB_AZURE_PUBLIC"`;

exports[`getStatusProcess azure useDynamo 4`] = `""`;

exports[`getStatusProcess azure useDynamo 5`] = `"EVENT_AZURE_PUBLIC_OTHERS"`;

exports[`getStatusProcess azure useDynamo 6`] = `"EVENT_AZURE_PUBLIC_OTHERS"`;

exports[`getStatusProcess azure useDynamo 7`] = `"FETCH_AZURE_PUBLIC"`;

exports[`getStatusProcess azure useDynamo 8`] = `"PRICE_AZURE_PUBLIC_MINUTELY"`;

exports[`getStatusProcess gcp do not useDynamo 1`] = `"TRADE_AZURE_PRIVATE"`;

exports[`getStatusProcess gcp do not useDynamo 2`] = `"FEED_AZURE_PRIVATE"`;

exports[`getStatusProcess gcp do not useDynamo 3`] = `"CLEANDB_AZURE_PRIVATE"`;

exports[`getStatusProcess gcp do not useDynamo 4`] = `""`;

exports[`getStatusProcess gcp do not useDynamo 5`] = `"EVENT_AZURE_PRIVATE_OTHERS"`;

exports[`getStatusProcess gcp do not useDynamo 6`] = `"EVENT_AZURE_PRIVATE_OTHERS"`;

exports[`getStatusProcess gcp do not useDynamo 7`] = `"FETCH_AZURE_PRIVATE"`;

exports[`getStatusProcess gcp do not useDynamo 8`] = `"PRICE_AZURE_PRIVATE_MINUTELY"`;

exports[`getStatusProcess gcp useDynamo 1`] = `"TRADE_AZURE_PUBLIC"`;

exports[`getStatusProcess gcp useDynamo 2`] = `"FEED_AZURE_PUBLIC"`;

exports[`getStatusProcess gcp useDynamo 3`] = `"CLEANDB_AZURE_PUBLIC"`;

exports[`getStatusProcess gcp useDynamo 4`] = `""`;

exports[`getStatusProcess gcp useDynamo 5`] = `"EVENT_AZURE_PUBLIC_OTHERS"`;

exports[`getStatusProcess gcp useDynamo 6`] = `"EVENT_AZURE_PUBLIC_OTHERS"`;

exports[`getStatusProcess gcp useDynamo 7`] = `"FETCH_AZURE_PUBLIC"`;

exports[`getStatusProcess gcp useDynamo 8`] = `"PRICE_AZURE_PUBLIC_MINUTELY"`;

exports[`parseOptions 1`] = `
Object {
  "assets": Array [
    "quote",
    "base",
  ],
  "aws": false,
  "azure": false,
  "base": "USD",
  "contractType": "Beethoven",
  "dbLive": false,
  "dynamo": false,
  "event": "",
  "exSources": Array [
    "",
  ],
  "force": false,
  "forceREST": false,
  "gasLimit": 200000,
  "gasPrice": 5000000000,
  "gcp": false,
  "live": false,
  "maturity": "Perpetual",
  "pair": "",
  "period": 10,
  "provider": "",
  "quote": "ETH",
  "server": false,
  "source": "source",
  "sources": Array [
    "",
  ],
  "ws": false,
}
`;
