// Jest Snapshot v1, https://goo.gl/fbAQLP

exports[`fetchTradesREST spot 1`] = `
Array [
  Array [
    "https://api.kraken.com/0/public/Trades?pair=ETHUSD",
  ],
]
`;

exports[`fetchTradesREST spot 2`] = `
Array [
  Array [
    Object {
      "amount": 55.15907384,
      "base": "USD",
      "id": "15385333204866",
      "price": 220,
      "quote": "ETH",
      "source": "kraken",
      "timestamp": 1538533320486,
    },
    true,
  ],
  Array [
    Object {
      "amount": 30,
      "base": "USD",
      "id": "15385333196094",
      "price": 220,
      "quote": "ETH",
      "source": "kraken",
      "timestamp": 1538533319609,
    },
    false,
  ],
  Array [
    Object {
      "amount": 21.44,
      "base": "USD",
      "id": "15385333195739",
      "price": 220,
      "quote": "ETH",
      "source": "kraken",
      "timestamp": 1538533319574,
    },
    false,
  ],
  Array [
    Object {
      "amount": 267.49816172,
      "base": "USD",
      "id": "15385333195578",
      "price": 220,
      "quote": "ETH",
      "source": "kraken",
      "timestamp": 1538533319557,
    },
    false,
  ],
  Array [
    Object {
      "amount": 7.76592969,
      "base": "USD",
      "id": "15385333195557",
      "price": 220,
      "quote": "ETH",
      "source": "kraken",
      "timestamp": 1538533319555,
    },
    false,
  ],
  Array [
    Object {
      "amount": 14.85235943,
      "base": "USD",
      "id": "15385333195537",
      "price": 220,
      "quote": "ETH",
      "source": "kraken",
      "timestamp": 1538533319553,
    },
    false,
  ],
  Array [
    Object {
      "amount": 27.32884916,
      "base": "USD",
      "id": "15385333195512",
      "price": 220,
      "quote": "ETH",
      "source": "kraken",
      "timestamp": 1538533319551,
    },
    false,
  ],
  Array [
    Object {
      "amount": 5,
      "base": "USD",
      "id": "15385333195299",
      "price": 220,
      "quote": "ETH",
      "source": "kraken",
      "timestamp": 1538533319529,
    },
    false,
  ],
]
`;
