// Jest Snapshot v1, https://goo.gl/fbAQLP

exports[`parseApiResponse 1`] = `
Object {
  "amount": 50,
  "id": "3590632229",
  "price": 654,
  "source": "GEMINI",
  "timestamp": 1524810712835,
}
`;

exports[`parseTrade 1`] = `
Object {
  "amount": 0.027783,
  "id": "3584809531",
  "price": 629.69,
  "source": "GEMINI",
  "timestamp": 1524739084253,
}
`;

exports[`parseTrade 2`] = `
Object {
  "amount": 0.021431,
  "id": "3584814698",
  "price": 629.79,
  "source": "GEMINI",
  "timestamp": 1524739191718,
}
`;
